// Jest Snapshot v1, https://goo.gl/fbAQLP

exports[`NGramViewer social security 1`] = `
<div
  className="ngram__outer-container"
>
  <div
    className="ngram__inner-container"
  >
    <svg
      height={268}
      width={700}
    />
    <div
      className="ngram__term-list"
    >
      <span
        className="ngram__term"
        style={
          Object {
            "color": "rgb(93, 177, 151)",
          }
        }
      >
        social security
      </span>
    </div>
  </div>
</div>
`;
