// Jest Snapshot v1, https://goo.gl/fbAQLP

exports[`SearchRadioButtons BeforeAndAfter 1`] = `
<div
  className="searchradio"
>
  <div
    className="searchradio__actions"
  >
    <div
      className="searchradio__group"
    >
      <input
        checked={false}
        className="searchradio__radio"
        id="radio--containing"
        name="type"
        onChange={[MockFunction]}
        type="radio"
        value="Containing"
      />
      <label
        className="searchradio__radio-label"
        htmlFor="radio--containing"
      >
        sentences containing word
      </label>
    </div>
    <div
      className="searchradio__group"
    >
      <input
        checked={true}
        className="searchradio__radio"
        id="radio--beforeandafter"
        name="type"
        onChange={[MockFunction]}
        type="radio"
        value="BeforeAndAfter"
      />
      <label
        className="searchradio__radio-label"
        htmlFor="radio--beforeandafter"
      >
        sentences before and after word
      </label>
    </div>
  </div>
</div>
`;

exports[`SearchRadioButtons Containing 1`] = `
<div
  className="searchradio"
>
  <div
    className="searchradio__actions"
  >
    <div
      className="searchradio__group"
    >
      <input
        checked={true}
        className="searchradio__radio"
        id="radio--containing"
        name="type"
        onChange={[MockFunction]}
        type="radio"
        value="Containing"
      />
      <label
        className="searchradio__radio-label"
        htmlFor="radio--containing"
      >
        sentences containing word
      </label>
    </div>
    <div
      className="searchradio__group"
    >
      <input
        checked={false}
        className="searchradio__radio"
        id="radio--beforeandafter"
        name="type"
        onChange={[MockFunction]}
        type="radio"
        value="BeforeAndAfter"
      />
      <label
        className="searchradio__radio-label"
        htmlFor="radio--beforeandafter"
      >
        sentences before and after word
      </label>
    </div>
  </div>
</div>
`;
