// Jest Snapshot v1, https://goo.gl/fbAQLP

exports[`SearchHitContent renders 1`] = `
<p
  className="testClass"
>
  The 
  <strong>
    television
  </strong>
   and radio stations of the United States and their affiliated stations are proud to provide facilities for a discussion of issues in the current political campaign by the two major candidates for the presidency.
</p>
`;
