// Jest Snapshot v1, https://goo.gl/fbAQLP

exports[`BookmarksSortBy Date Bookmarked 1`] = `
<div
  className="sortby"
>
  <label
    className="sortby__label"
    htmlFor="bookmarks-sortby"
  >
    Sort by:
  </label>
  <select
    className="sortby__select"
    id="bookmarks-sortby"
    name="sortby"
    onChange={[Function]}
    value="DateBookmarked"
  >
    <option
      className="sortby__option"
      value="DateBookmarked"
    >
      Date bookmarked
    </option>
    <option
      className="sortby__option"
      value="DateHappened"
    >
      Date happened
    </option>
  </select>
</div>
`;

exports[`BookmarksSortBy Date Happened 1`] = `
<div
  className="sortby"
>
  <label
    className="sortby__label"
    htmlFor="bookmarks-sortby"
  >
    Sort by:
  </label>
  <select
    className="sortby__select"
    id="bookmarks-sortby"
    name="sortby"
    onChange={[Function]}
    value="DateHappened"
  >
    <option
      className="sortby__option"
      value="DateBookmarked"
    >
      Date bookmarked
    </option>
    <option
      className="sortby__option"
      value="DateHappened"
    >
      Date happened
    </option>
  </select>
</div>
`;
