// Jest Snapshot v1, https://goo.gl/fbAQLP

exports[`BookmarksResultList DateBookmarked 1`] = `
Array [
  <div
    className="results__preview"
  >
    <h2
      className="results__subheading"
    >
      Presidential Debate - Clinton, Trump (3 of 3)
       -
       
      2016-10-19
    </h2>
    <div>
      VideoResult: 
      eXNnggT5fPM
       
      0
       
      0
      -1
    </div>
  </div>,
  <div
    className="results__preview"
  >
    <h2
      className="results__subheading"
    >
      Presidential Debate - Clinton, Trump (2 of 3)
       -
       
      2016-10-09
    </h2>
    <div>
      VideoResult: 
      FcDNuWIs2qk
       
      0
       
      33
      32
    </div>
  </div>,
  <div
    className="results__preview"
  >
    <h2
      className="results__subheading"
    >
      Presidential Debate - Clinton, Trump (3 of 3)
       -
       
      2016-10-19
    </h2>
    <div>
      VideoResult: 
      eXNnggT5fPM
       
      0
       
      48
      47
    </div>
  </div>,
  <div
    className="results__preview"
  >
    <h2
      className="results__subheading"
    >
      Presidential Debate - McCain, Obama (2 of 3)
       -
       
      2008-10-07
    </h2>
    <div>
      VideoResult: 
      57qocCPgp3U
       
      0
       
      0
      -1
    </div>
  </div>,
  <div
    className="results__preview"
  >
    <h2
      className="results__subheading"
    >
      Presidential Debate - Bush, Clinton, Perot (1 of 3)
       -
       
      1992-10-11
    </h2>
    <div>
      VideoResult: 
      9Z43XV4T8Bc
       
      0
       
      66
      65
    </div>
    <div>
      VideoResult: 
      9Z43XV4T8Bc
       
      0
       
      0
      -1
    </div>
    <div>
      VideoResult: 
      9Z43XV4T8Bc
       
      0
       
      0
      -1
    </div>
  </div>,
]
`;

exports[`BookmarksResultList DateHappened 1`] = `
Array [
  <div
    className="results__preview"
  >
    <h2
      className="results__subheading"
    >
      Presidential Debate - Bush, Clinton, Perot (1 of 3)
       -
       
      1992-10-11
    </h2>
    <div>
      VideoResult: 
      9Z43XV4T8Bc
       
      0
       
      0
      -1
    </div>
    <div>
      VideoResult: 
      9Z43XV4T8Bc
       
      0
       
      0
      -1
    </div>
    <div>
      VideoResult: 
      9Z43XV4T8Bc
       
      0
       
      66
      65
    </div>
  </div>,
  <div
    className="results__preview"
  >
    <h2
      className="results__subheading"
    >
      Presidential Debate - McCain, Obama (2 of 3)
       -
       
      2008-10-07
    </h2>
    <div>
      VideoResult: 
      57qocCPgp3U
       
      0
       
      0
      -1
    </div>
  </div>,
  <div
    className="results__preview"
  >
    <h2
      className="results__subheading"
    >
      Presidential Debate - Clinton, Trump (2 of 3)
       -
       
      2016-10-09
    </h2>
    <div>
      VideoResult: 
      FcDNuWIs2qk
       
      0
       
      33
      32
    </div>
  </div>,
  <div
    className="results__preview"
  >
    <h2
      className="results__subheading"
    >
      Presidential Debate - Clinton, Trump (3 of 3)
       -
       
      2016-10-19
    </h2>
    <div>
      VideoResult: 
      eXNnggT5fPM
       
      0
       
      0
      -1
    </div>
    <div>
      VideoResult: 
      eXNnggT5fPM
       
      0
       
      48
      47
    </div>
  </div>,
]
`;

exports[`BookmarksResultList no results 1`] = `
<p
  className="results__text"
>
  You haven't bookmarked anything yet.
</p>
`;
