// Jest Snapshot v1, https://goo.gl/fbAQLP

exports[`Bigger block writer model 1`] = `
<div>
  <div
    className="editor__wrapper"
  >
    <div
      className="editor__row"
    >
      <EditorButtons
        eventHandlers={
          Object {
            "handleDeleteClick": [Function],
            "handlePublishClick": [Function],
            "handleSaveClick": [Function],
          }
        }
        status={
          Object {
            "error": false,
            "message": "",
            "saved": true,
            "saving": false,
          }
        }
      />
      <div
        className="editor__share"
      />
    </div>
    <p
      className="timeline__instructions"
    >
      Add Facts to your Take from the timeline below.
    </p>
  </div>
</div>
`;

exports[`Simple block writer model 1`] = `
<div>
  <div
    className="editor__wrapper"
  >
    <div
      className="editor__row"
    >
      <EditorButtons
        eventHandlers={
          Object {
            "handleDeleteClick": [Function],
            "handlePublishClick": [Function],
            "handleSaveClick": [Function],
          }
        }
        status={
          Object {
            "error": false,
            "message": "",
            "saved": true,
            "saving": false,
          }
        }
      />
      <div
        className="editor__share"
      />
    </div>
    <p
      className="timeline__instructions"
    >
      Add Facts to your Take from the timeline below.
    </p>
  </div>
</div>
`;
