// Jest Snapshot v1, https://goo.gl/fbAQLP

exports[`CaptionTextNodeList 1`] = `
<div
  className="video__captions"
>
  <div
    className="document document--static"
  >
    <div
      className="document__row"
    >
      <div
        className="document__row-inner"
      >
        <div
          className="document__text"
        >
          <h3
            className="document__node-text document__node-text--speaker-top"
          >
            -
          </h3>
          <div
            className="document__text document__text--caption"
            onMouseUp={[Function]}
            onScroll={[Function]}
          >
            <div
              className="document__node"
            >
              <h3
                className="document__node-text document__node-text--speaker"
              >
                Raddatz
              </h3>
              <div
                className="document__node-text-container"
              >
                <p
                  className="document__node-text document__node-text--p"
                >
                  Good evening I'm Martha Raddatz from ABC News. 
                </p>
                <div
                  className="document__node-height-div"
                >
                  <p
                    className="document__node-text document__node-text--hidden-p"
                  />
                </div>
              </div>
            </div>
          </div>
        </div>
      </div>
    </div>
  </div>
</div>
`;

exports[`CaptionTextNodeList with highlights from props 1`] = `
<div
  className="video__captions"
>
  <div
    className="document document--static"
  >
    <div
      className="document__row"
    >
      <div
        className="document__row-inner"
      >
        <div
          className="document__text"
        >
          <h3
            className="document__node-text document__node-text--speaker-top"
          >
            -
          </h3>
          <div
            className="document__text document__text--caption"
            onMouseUp={[Function]}
            onScroll={[Function]}
          >
            <div
              className="document__node"
            >
              <h3
                className="document__node-text document__node-text--speaker"
              >
                Raddatz
              </h3>
              <div
                className="document__node-text-container"
              >
                <p
                  className="document__node-text document__node-text--p"
                >
                  Good evening I'm Martha Raddatz from ABC News. 
                </p>
                <div
                  className="document__node-height-div"
                >
                  <p
                    className="document__node-text document__node-text--hidden-p"
                  />
                </div>
              </div>
            </div>
          </div>
        </div>
      </div>
    </div>
  </div>
</div>
`;
