// Jest Snapshot v1, https://goo.gl/fbAQLP

exports[`DropDown BL 1`] = `
<div
  className="dropdown dropdown--searchbar"
>
  <button
    className="dropdown__toggle dropdown__toggle--searchbar"
    onClick={[Function]}
  >
    <span>
      toggle text
    </span>
  </button>
  <div
    className="dropdown__dropdown dropdown__dropdown--hidden"
  >
    <div>
      <p>
        Some child
      </p>
    </div>
  </div>
</div>
`;

exports[`DropDown BR 1`] = `
<div
  className="dropdown dropdown--searchbar"
>
  <button
    className="dropdown__toggle dropdown__toggle--searchbar"
    onClick={[Function]}
  >
    <span>
      toggle text
    </span>
  </button>
  <div
    className="dropdown__dropdown dropdown__dropdown--hidden"
  >
    <div>
      <p>
        Some child
      </p>
    </div>
  </div>
</div>
`;

exports[`DropDown TL 1`] = `
<div
  className="dropdown dropdown--searchbar"
>
  <button
    className="dropdown__toggle dropdown__toggle--searchbar"
    onClick={[Function]}
  >
    <span>
      toggle text
    </span>
  </button>
  <div
    className="dropdown__dropdown dropdown__dropdown--hidden"
  >
    <div>
      <p>
        Some child
      </p>
    </div>
  </div>
</div>
`;

exports[`DropDown TR 1`] = `
<div
  className="dropdown dropdown--searchbar"
>
  <button
    className="dropdown__toggle dropdown__toggle--searchbar"
    onClick={[Function]}
  >
    <span>
      toggle text
    </span>
  </button>
  <div
    className="dropdown__dropdown dropdown__dropdown--hidden"
  >
    <div>
      <p>
        Some child
      </p>
    </div>
  </div>
</div>
`;

exports[`DropDown disabled 1`] = `
<div
  className="dropdown dropdown--searchbar"
>
  <button
    className="dropdown__toggle dropdown__toggle--searchbar"
    onClick={[Function]}
  >
    <span>
      toggle text
    </span>
  </button>
  <div
    className="dropdown__dropdown dropdown__dropdown--hidden"
  >
    <div>
      <p>
        Some child
      </p>
    </div>
  </div>
</div>
`;

exports[`DropDown enabled 1`] = `
<div
  className="dropdown dropdown--searchbar"
>
  <button
    className="dropdown__toggle dropdown__toggle--searchbar"
    onClick={[Function]}
  >
    <span>
      toggle text
    </span>
  </button>
  <div
    className="dropdown__dropdown dropdown__dropdown--hidden"
  >
    <div>
      <p>
        Some child
      </p>
    </div>
  </div>
</div>
`;
