// Jest Snapshot v1, https://goo.gl/fbAQLP

exports[`Successfully loaded Video 1`] = `
<div
  className="editor__video-container"
  onClick={[Function]}
  onFocus={[Function]}
  onKeyDown={[Function]}
  tabIndex={0}
/>
`;

exports[`Video loading 1`] = `
<div
  className="editor__document editor__document--base editor__document--hover"
>
  <h2
    className="editor__document-title"
  >
    Loading
  </h2>
</div>
`;
