// Jest Snapshot v1, https://goo.gl/fbAQLP

exports[`EmailTake 1`] = `
<div
  className="emailtake"
>
  <p
    className="share__text"
  >
    Email this Take to yourself.
  </p>
  <button
    className="share__action share__action--clickable"
    onClick={[Function]}
  >
    Login
  </button>
</div>
`;
