// Jest Snapshot v1, https://goo.gl/fbAQLP

exports[`FeedList 1`] = `
<div
  className="feed"
>
  <div
    className="feed__inner-container"
  >
    <FeedCardContainer
      blocks={
        Array [
          Object {
            "kind": "paragraph",
            "text": "Today, anybody who wants to negotiate with a Muslim country is “weak”.",
          },
          Object {
            "kind": "video",
            "range": Array [
              304,
              321,
            ],
            "videoId": "iEfwIxM7MmnOKb7zt4HqW8IxUWy6F7a236fSOQlUUWI=",
          },
        ]
      }
      title="Why it's so hard to have peace"
      titleSlug="why-its-so-hard-to-have-peace"
      username="samples"
    />
    <FeedCardContainer
      blocks={
        Array [
          Object {
            "excerptId": "hAGBMHs7k2yx_cmgp8I7r9VFE_NCuQ-QXsfDxjt9LJA=",
            "highlightedRange": Array [
              17730,
              18357,
            ],
            "kind": "document",
            "viewRange": Array [
              17730,
              18357,
            ],
          },
          Object {
            "kind": "paragraph",
            "text": "The system for appointing judges to the Supreme Court is quite complex. Only a lawyer with years of experience could understand it. But trust me – this President has no right to make an appointment! We’ll let the people decide in the next election, as demanded by our Constitution!!",
          },
        ]
      }
      title="Don't worry, we'll protect the Constitution for you!"
      titleSlug="dont-worry-well-protect-the-constitution-for-you"
      username="samples"
    />
  </div>
</div>
`;
