// Jest Snapshot v1, https://goo.gl/fbAQLP

exports[`It renders 1`] = `
<div
  className="quickshare"
>
  <h3
    className="quickshare__title"
  >
    Share your clip
  </h3>
  <div>
    <label
      className="quickshare__label"
      htmlFor="cliptitle"
    >
      Title
    </label>
    <input
      className="quickshare__input"
      id="cliptitle"
      onChange={[Function]}
      type="text"
      value=""
    />
    <pre
      className="quickshare__url"
    >
      <code>
        about:///anonymous/untitled/v1/eyJ0aXRsZSI6InVudGl0bGVkIiwiZG9jSWQiOiJpRWZ3SXhNN01tbk9LYjd6dDRIcVc4SXhVV3k2RjdhMjM2ZlNPUWxVVVdJPSIsImhTdGFydCI6IjAiLCJoRW5kIjoiNSJ9
      </code>
    </pre>
    <button
      className="quickshare__button"
      onClick={[Function]}
    >
      Copy link
    </button>
    <button
      className="quickshare__button"
      onClick={[Function]}
    >
      Facebook
    </button>
    <button
      className="quickshare__button"
      onClick={[Function]}
    >
      Twitter
    </button>
    <button
      className="quickshare__button"
      onClick={[Function]}
    >
      Give your Take
    </button>
    <div
      className="quickshare__info"
    />
  </div>
</div>
`;
