// Jest Snapshot v1, https://goo.gl/fbAQLP

exports[`It renders 1`] = `
<div
  className="shareclip"
>
  <h3
    className="shareclip__title"
  >
    Share your clip
  </h3>
  <div>
    <label
      className="shareclip__label"
      htmlFor="cliptitle"
    >
      Title
    </label>
    <input
      className="shareclip__input"
      id="cliptitle"
      onChange={[Function]}
      type="text"
      value=""
    />
    <button
      className="shareclip__button"
      onClick={[Function]}
    >
      Get a shareable URL
    </button>
    <button
      className="shareclip__button"
      onClick={[Function]}
    >
      Facebook
    </button>
    <button
      className="shareclip__button"
      onClick={[Function]}
    >
      Twitter
    </button>
  </div>
</div>
`;
