// Jest Snapshot v1, https://goo.gl/fbAQLP

exports[`Preview loading 1`] = `
<div
  className="timeline__preview"
>
  <div
    className="document document--static"
  >
    <p
      className="document__text"
    >
      Loading TimelinePreview
    </p>
  </div>
</div>
`;

exports[`Successfully loaded Document Preview 1`] = `null`;

exports[`Successfully loaded Document Preview with highlights 1`] = `null`;

exports[`Successfully loaded Video Preview 1`] = `null`;
