// Jest Snapshot v1, https://goo.gl/fbAQLP

exports[`Video 1`] = `
<div
  className="video__outer-container"
>
  <div
    className="video__inner-container"
  >
    <div
      className="video__container"
    >
      <div
        className="video__header"
      >
        <p
          className="video__date"
        >
          2016-10-09
        </p>
      </div>
      <div
        className="video__video-container"
      />
    </div>
    <div
      className="video__container video__container--actions"
    />
  </div>
</div>
`;

exports[`Video with highlights 1`] = `
<div
  className="video__outer-container"
>
  <div
    className="video__inner-container"
  >
    <div
      className="video__container"
    >
      <div
        className="video__header"
      >
        <p
          className="video__date"
        >
          2016-10-09
        </p>
      </div>
      <div
        className="video__video-container"
      />
    </div>
    <div
      className="video__container video__container--actions"
    />
  </div>
</div>
`;
