// Jest Snapshot v1, https://goo.gl/fbAQLP

exports[`headers test videoCut 1`] = `"<header data-reactroot=\\"\\"><meta name=\\"twitter:card\\" content=\\"summary_large_image\\"/><meta name=\\"twitter:site\\" content=\\"@mytakedotorg\\"/><meta name=\\"twitter:title\\" content=\\"Presidential Debate - McCain, Obama (1 of 3)\\"/><meta name=\\"twitter:description\\" content=\\"TODO\\"/><meta name=\\"twitter:image\\" content=\\"https://node.mytake.org/static/social-header/cut:!(592.8200073242188,597.8300170898438),fact:SBB1OUGW-772ujnPCA71sp6td19UbtbXPpZ4wEEib_I=,kind:videoCut\\"/><meta name=\\"twitter:image:alt\\" content=\\"\\"/></header>"`;
