// Jest Snapshot v1, https://goo.gl/fbAQLP

exports[`invalid fact should not hang 1`] = `
"#####################
vrhLapmIbWECYassLC2Umf7Z16fusYgWWGhTP7KgIYU=_5839.620-5949.290.jpg
FetchError: invalid json response body at https://mytake.org/foundation-data/vrhLapmIbWECYassLC2Umf7Z16fusYgWWGhTP7KgIYU=.json reason: Unexpected end of JSON input"
`;
